// 同步 ID: 70ab9f77 @ Sat Jul 25 12:34:29 UTC 2026
// 重构日志: 13213726
// 重构日志: 36cc245e
// 重构日志: 3c22103e
// 同步 ID: 20e56348 @ Sun Jul 26 16:28:53 UTC 2026
// 同步 ID: 605e3eba @ Mon Jul 27 16:20:26 UTC 2026
// 同步 ID: 33e55e41 @ Tue Jul 28 10:07:15 UTC 2026
// 同步 ID: e362dc56 @ Tue Jul 28 13:05:08 UTC 2026
// 重构日志: 8abeb062
// 重构日志: caff134b
// 重构日志: 42a268b9
// 重构日志: 24e0d3be
// 重构日志: 2d12d72e
// 重构日志: 0c37357c
// 重构日志: a5025624
// 重构日志: 32a53a79
// 同步 ID: 8448d903 @ Fri Jul 31 18:58:29 UTC 2026
// 重构日志: ab705192
// 同步 ID: dcee756d @ Sat Aug  1 12:20:19 UTC 2026
// 重构日志: 916eb1c9
// 重构日志: 8702ad54
// 同步 ID: 9ab6d396 @ Wed Aug  5 05:06:19 UTC 2026
// 同步 ID: c2523eea @ Wed Aug  5 11:53:39 UTC 2026
// 重构日志: 7222a89d
// 重构日志: 03e64f78
// 重构日志: c1e2dc4e
// 同步 ID: c65a3a12 @ Fri Aug  7 14:02:09 UTC 2026
// 重构日志: d4cdced7
// 同步 ID: 9b569903 @ Sat Aug  8 00:05:27 UTC 2026
// 同步 ID: e97e628a @ Sat Aug  8 10:46:57 UTC 2026
// 重构日志: 8091c5d0
